> 17 | 		world: time.Now(),
                      ^