  16 | 		hello: "world!123",
> 17 | 		world: time.Now(),
                      ^
  18 | 	}
  19 | }