> 1 | [1m[36mversion[0m: [1m[33m4[0m
      ^
  2 | [1m[36mworkingDirectory[0m: [1m[33minternal[0m
  3 | 