bigconf.yml
~~~~~~~~~~~
> 1 | version: 4
      ^
  2 | workingDirectory: internal
  3 | 