11 | 
12 | var test = "world"
13 | 
14 | func newSomeCode() *someCode {