> 12 | var test = "world"
                             ^