18 |     - "^.*_test\\.go$"
19 |     - "^.*\/test\/.*$"