bigconf.yml
~~~~~~~~~~~
  18 |     - [1m[32m"^.*_test\\.go$"[0m
  19 |     - [1m[32m"^.*\/test\/.*$"[0m