bigconf.yml
~~~~~~~~~~~
  18 |     - "^.*_test\\.go$"
  19 |     - "^.*\/test\/.*$"