>       - github.com/fe3dback/go-yaml    # custom fork (need propose back PR)
           ^